Last login: Mon Jul 11 10:21:22 on ttys000
Madeleines-Air:~ madeleine$ pwd
/Users/madeleine
Madeleines-Air:~ madeleine$ cd desktop
Madeleines-Air:desktop madeleine$ cd Weekend Website
-bash: cd: Weekend: No such file or directory
Madeleines-Air:desktop madeleine$ cd Weekend.Website
Madeleines-Air:Weekend.Website madeleine$ git init
Initialized empty Git repository in /Users/madeleine/Desktop/Weekend.Website/.git/
Madeleines-Air:Weekend.Website madeleine$ git status
On branch master

Initial commit

Untracked files:
  (use "git add <file>..." to include in what will be committed)

	index.html

nothing added to commit but untracked files present (use "git add" to track)
Madeleines-Air:Weekend.Website madeleine$ git add .
Madeleines-Air:Weekend.Website madeleine$ git commit -m "Commit with basic anatomy of a webpage and title"
[master (root-commit) 5dd9979] Commit with basic anatomy of a webpage and title
 1 file changed, 11 insertions(+)
 create mode 100644 index.html
Madeleines-Air:Weekend.Website madeleine$ git log
commit 5dd99791a5cb5176930592c43355d84e39c94fb0
Author: madeleine shinder <madeleineshinder@gmail.com>
Date:   Mon Jul 11 10:35:08 2016 -0400

    Commit with basic anatomy of a webpage and title
Madeleines-Air:Weekend.Website madeleine$ 
